// Jest Snapshot v1, https://goo.gl/fbAQLP

exports[`The current question component should render a different id when passed a different prop 1`] = `
<span
  style="color: white;"
>
  [
  DE2
  ]
</span>
`;

exports[`The current question component should render and show the current question ID 1`] = `
<span
  style="color: white;"
>
  [
  DE1
  ]
</span>
`;
